proID       nombre                    precio                                  modelo                    marca           cantidad fabricacion             valoracion
----------- ------------------------- --------------------------------------- ------------------------- --------------- -------- ----------------------- ---------------------------------------
578         Tarjeta gr?fica           110.99                                  ?ptima                    Nvidia          4        2021-10-13 20:49:00     6.9

(1 row affected)

proID       nombre                    precio                                  modelo                    marca           cantidad fabricacion             valoracion
----------- ------------------------- --------------------------------------- ------------------------- --------------- -------- ----------------------- ---------------------------------------
581         Monitor                   130.00                                  UltraVision               LG              1        NULL                    NULL
625         Televisi?n                900.05                                  47D                       LG              1        2020-11-06 00:00:00     7.2
624         Televisi?n                2999.89                                 55Tx-300                  LG              1        2020-11-05 00:00:00     9.2

(3 rows affected)


Completion time: 2021-11-03T20:07:28.7671970-05:00
